Assembler report for TeleCore
Mon Sep  7 13:38:36 2026
Quartus Prime Version 17.0.2 Build 602 07/19/2017 SJ Lite Edition


---------------------
; Table of Contents ;
---------------------
  1. Legal Notice
  2. Assembler Summary
  3. Assembler Settings
  4. Assembler Generated Files
  5. Assembler Device Options: TeleCore.sof
  6. Assembler Device Options: TeleCore.rbf
  7. Assembler Messages



----------------
; Legal Notice ;
----------------
Copyright (C) 2017  Intel Corporation. All rights reserved.
Your use of Intel Corporation's design tools, logic functions 
and other software and tools, and its AMPP partner logic 
functions, and any output files from any of the foregoing 
(including device programming or simulation files), and any 
associated documentation or information are expressly subject 
to the terms and conditions of the Intel Program License 
Subscription Agreement, the Intel Quartus Prime License Agreement,
the Intel MegaCore Function License Agreement, or other 
applicable license agreement, including, without limitation, 
that your use is for the sole purpose of programming logic 
devices manufactured by Intel and sold by Intel or its 
authorized distributors.  Please refer to the applicable 
agreement for further details.



+---------------------------------------------------------------+
; Assembler Summary                                             ;
+-----------------------+---------------------------------------+
; Assembler Status      ; Successful - Mon Sep  7 13:38:36 2026 ;
; Revision Name         ; TeleCore                              ;
; Top-level Entity Name ; sys_top                               ;
; Family                ; Cyclone V                             ;
; Device                ; 5CSEBA6U23I7                          ;
+-----------------------+---------------------------------------+


+----------------------------------+
; Assembler Settings               ;
+--------+---------+---------------+
; Option ; Setting ; Default Value ;
+--------+---------+---------------+


+----------------------------------+
; Assembler Generated Files        ;
+----------------------------------+
; File Name                        ;
+----------------------------------+
; /build/output_files/TeleCore.sof ;
; /build/output_files/TeleCore.rbf ;
+----------------------------------+


+----------------------------------------+
; Assembler Device Options: TeleCore.sof ;
+----------------+-----------------------+
; Option         ; Setting               ;
+----------------+-----------------------+
; JTAG usercode  ; 0x0BD4F17D            ;
; Checksum       ; 0x0BD4F17D            ;
+----------------+-----------------------+


+----------------------------------------+
; Assembler Device Options: TeleCore.rbf ;
+---------------------+------------------+
; Option              ; Setting          ;
+---------------------+------------------+
; Raw Binary File     ;                  ;
;  Compression Ratio  ; 1                ;
+---------------------+------------------+


+--------------------+
; Assembler Messages ;
+--------------------+
Info: *******************************************************************
Info: Running Quartus Prime Assembler
    Info: Version 17.0.2 Build 602 07/19/2017 SJ Lite Edition
    Info: Processing started: Mon Sep  7 13:38:15 2026
Info: Command: quartus_asm --read_settings_files=off --write_settings_files=off TeleCore -c TeleCore
Info (115030): Assembler is generating device programming files
Info: Quartus Prime Assembler was successful. 0 errors, 0 warnings
    Info: Peak virtual memory: 1837 megabytes
    Info: Processing ended: Mon Sep  7 13:38:36 2026
    Info: Elapsed time: 00:00:21
    Info: Total CPU time (on all processors): 00:00:21


